[  0000000 Itilizingcgupubsycpet
[    0.000000] Intiizg cgrop bss cp
   0.00000] nitialiincgoup ubs uacc
  0.0000] in vrsion .4-11-geri(bil@l01amd64-015) (cc version 5.4.0 20160609 (Ubuntu 5.4.0-6ubuntu1~16.04.10) ) #157-Ubuntu SMP Thu Jul 12 15:51:36 UTC 2018 (Ubuntu 4.4.0-131.157-generic 4.4.134)
[    0.000000] Command line: BOOT_IMAGE=/boot/vmlinuz-4.4.0-131-generic root=LABEL=cloudimg-rootfs ro console=tty1 console=ttyS0
[    0.000000] KERNEL supported cpus:
[    0.000000]   Intel GenuineIntel
[    0.000000]   AMD AuthenticAMD
[    0.000000]   Centaur CentaurHauls
[    0.000000] x86/fpu: xstate_offset[2]:  576, xstate_sizes[2]:  256
[    0.000000] x86/fpu: Supporting XSAVE feature 0x01: 'x87 floating point registers'
[    0.000000] x86/fpu: Supporting XSAVE feature 0x02: 'SSE registers'
[    0.000000] x86/fpu: Supporting XSAVE feature 0x04: 'AVX registers'
[    0.000000] x86/fpu: Enabled xstate features 0x7, context size is 832 bytes, using 'standard' format.
[    0.000000] x86/fpu: Using 'eager' FPU context switches.
[    0.000000] e820: BIOS-provided physical RAM map:
[    0.000000] BIOS-e820: [mem 0x0000000000000000-0x000000000009fbff] usable
[    0.000000] BIOS-e820: [mem 0x000000000009fc00-0x000000000009ffff] reserved
[    0.000000] BIOS-e820: [mem 0x00000000000f0000-0x00000000000fffff] reserved
[    0.000000] BIOS-e820: [mem 0x0000000000100000-0x00000000dffeffff] usable
[    0.000000] BIOS-e820: [mem 0x00000000dfff0000-0x00000000dfffffff] ACPI data
[    0.000000] BIOS-e820: [mem 0x00000000fec00000-0x00000000fec00fff] reserved
[    0.000000] BIOS-e820: [mem 0x00000000fee00000-0x00000000fee00fff] reserved
[    0.000000] BIOS-e820: [mem 0x00000000fffc0000-0x00000000ffffffff] reserved
[    0.000000] BIOS-e820: [mem 0x0000000100000000-0x000000011fffffff] usable
[    0.000000] NX (Execute Disable) protection: active
[    0.000000] SMBIOS 2.5 present.
[    0.000000] Hypervisor detected: KVM
[    0.000000] e8200: last_pfn = 0x120000 max_arch_pfn = 0x400000000
[    0.000000] MTRR: Disabled
[    0.000000] x86/PAT: MTRRs disabled, skipping PAT initialization too.
[    0.000000] CPU MTRRs all blank - virtualized system.
[    0.000000] x86/PAT: Configuration [0-7]: WB  WT  UC- UC  WB  WT  UC- UC  
[    0.000000] e820: last_pfn = 0xdfff0 max_arch_pfn = 0x400000000
[    0.000000] found SMP MP-table at [mem 0x0009fff0-0x0009ffff] mapped at [ffff88000009fff0]
[    0.000000] Scanning 1 areas for low memory corruption
[    0.000000] RAMDISK: [mem 0x3630c000-0x3717dfff]
[    0.000000] ACPI: Early table checksum verification disabled
[    0.00000ACPI: SD0x0000000000 0002(v VBOX  )
[    0.000000] ACPI: XSDT 0x00000000DFF00 0003(v VOX   VOXDT 00000001 ASL  00000061)
[    0.000000] API: FAP 0000000DFFF000004 04VBOX  VBFA 00000 A  00001)
[    .000 ACPI:DS 0x0000000FF470021FF(v VX   VBXBIOS 000002 INL 20100528)
[   0.0000] ACPI: FACS 0x00000000DFFF0200 000040
[    0.000000] ACPI: FACS 0x00000000DFFF0200 00040
[    0.000000] ACPI: APIC 0x00000000DFFF0240 00005C (v02 VBOX   VBOXAPIC 00000001 ASL  00000061)
[    0.000000] ACPI: SSDT 0x00000000DFFF02A0 0001CC (v01 VBOX   VBOXCPUT 00000002 INTL 20100528)
[    0.000000] No NUMA configuration found
[    0.000000] Faking a node at [mem 0x0000000000000000-0x000000011fffffff]
[    0.000000] NODE_DATA(0) allocated [mem 0x11fff70000-0x11fffbfff]
[    0.000000] kvm-clock: Using msrs 4b564d01 and 4b564d00
[    0.000000] kvm-clock: cpu 0, msr 1:1ffef001, primary cpu clock
[    0.000000] kvm-clock: using sched offset of 3517476854 cycles
[    0.000000] clocksource: kvm-clock: mask: 0xffffffffffffffff max_cycles: 0x1cd42e4dffb, max_idle_ns: 881590591483 ns
[    0.000000] Zone ranges:
[    0.000000]   DMA      [mem 0x0000000000001000-0x0000000000ffffff]
[    0.000000]   DMA32    [mem 0x0000000001000000-0x00000000ffffffff]
[    0.000000]   Normal   [mem 0x0000000100000000-0x000000011fffffff]
[    0.000000]   Device   empty
[    0.000000] Movable zone start for each node
[    0.000000] Early memory node ranges
[    0.000000]   node   0: [mem 0x0000000000001000-0x000000000009efff]
[    0.000000]   node   0: [mem 0x0000000000100000-0x00000000dffeffff]
[    0.000000]   node   0: [mem 0x0000000100000000-0x000000011fffffff]
[    0.000000] Initmem setup node 0 [mem 0x0000000000001000-0x000000011fffffff]
[    0.000000] ACPI: PM-Timer IO Port: 0x4008
[    0.000000] IOAPIC[0]: apic_id 2, version 32, address 0xfec00000, GSI 0-23
[    0.000000] ACPI: INT_SRC_OVR (bus 0 bus_irq 0 global_irq 2 dfl dfl)
[    0.000000] ACPI: INT_SRC_OVR (bus 0 bus_irq 9 global_irq 9 low level)
[    0.000000] Using ACPI (MADT) for SMP configuration information
[    0.000000] smpboot: Allowing 2 CPUs, 0 hotplug CPUs
[    0.000000] PM: Registered nosave memory: [mem 0x00000000-0x00000fff]
[    0.000000] PM: Registered nosave memory: [mem 0x0009f000-0x0009ffff]
[    0.000000] PM: Registered nosave memory: [mem 0x000a0000-0x000effff]
[    0.000000] PM: Registered nosave memory: [mem 0x000f0000-0x000fffff]
[    0.000000] PM: Registered nosave memory: [mem 0xdfff0000-0xdfffffff]
[    0.000000] PM: Registered nosave memory: [mem 0xe0000000-0xfebfffff]
[    0.000000] PM: Registered nosave memory: [mem 0xfec00000-0xfec00fff]
[    0.000000] PM: Registered nosave memory: [mem 0xfec01000-0xfedfffff]
[    0.000000] PM: Registered nosave memory: [mem 0xfee00000-0xfee00fff]
[    0.000000] PM: Registered nosave memory: [mem 0xfee01000-0xfffbffff]
[    0.000000] PM: Registered nosave memory: [mem 0xfffc0000-0xffffffff]
[    0.000000] e820: [mem 0xe0000000-0xfebfffff] available for PCI devices
[    0.000000] Booting paravirtualized kernel on KVM
[    0.000000] clocksource: refined-jiffies: mask: 0xffffffff max_cycles: 0xffffffff, max_idle_ns: 7645519600211568 ns
[    0.000000] setup_percpu: NR_CPUS:512 nr_cpumask_bits:512 nr_cpu_ids:2 nr_node_ids:1
[    0.000000] PERCPU: Embedded 34 pages/cpu @ffff88011fc00000 s99544 r8192 d31528 u1048576
[    0.000000] PV qspinlock hash table entries: 256 (order: 0, 4096 bytes)
[    0.000000] Built 1 zonelists in Node order, mobility grouping on.  Total pages: 1032056
[    0.000000] Policy zone: Normal
[    0.000000] Kernel command line: BOOT_IMAGE=/boot/vmlinuz-4.4.0-131-generic root=LABEL=cloudimg-rootfs ro console=tty1 console=ttyS0
[    0.000000] PID hash table entries: 4096 (order: 3, 32768 bytes)
[    0.000000] Memory: 4028236K/4193848K available (8546K kernel code, 1313K rwdata, 4000K rodata, 1516K init, 1316K bss, 165612K reserved, 0K cma-reserved)
[    0.000000] SLUB: HWalign=64, Order=0-3, MinObjects=0, CPUs=2, Nodes=1
[    0.000000] Kernel/User page tables isolation: enabled
[    0.000000] Hierarchical RCU implementation.
[    0.000000] 	Build-time adjustment of leaf fanout to 64.
[   0.0000 	U striti Cs from NR_CPU=512 t n_cpuid2.
[    .000 RCU Adjusting geometryorcu_fanout_leaf=64, nr_cpu_ids=2
[   0.0000] NR_IS:024 r_qs40 1
[  .00000] nsle: coouVG+ 80x2
  0.0000cosole [ty eabled
[    0.0000 csole [ty] nabled
[    0.000000] tsc: Detected 2207.998 MHz processor
[    3.058813] Calibrating delay loop (skipped) preset value.. 4415.99 BogoMIPS (lpj=8831992)
[    3.072049] pid_max: default: 32768 minimum: 301
[    3.073471] ACPI: Core revision 20150930
[    3.075434] ACPI: 2 ACPI AML tables successfully acquired and loaded
[    3.077396] Security Framework initialized
[    3.078702] Yama: becoming mindful.
[    3.079773] AppArmor: AppArmor initialized
[    3.082307] Dentry cache hash table entries: 524288 (order: 10, 4194304 bytes)
[    3.087315] Inode-cache hash table entries: 262144 (order: 9, 2097152 bytes)
[    3.089660] Mount-cache hash table entries: 8192 (order: 4, 65536 bytes)
[    3.091740] Mountpoint-cache hash table entries: 8192 (order: 4, 65536 bytes)
[    3.095121] Initializing cgroup subsys io
[    3.096402] Initializing cgroup subsys memory
[    3.097717] Initializing cgroup subsys devices
[    3.099090] Initializing cgroup subsys freezer
[    3.100478] Initializing cgroup subsys net_cls
[    3.101886] Initializing cgroup subsys perf_event
[    3.103322] Initializing cgroup subsys net_prio
[    3.104681] Initializing cgroup subsys hugetlb
[    3.106085] Initializing cgroup subsys pids
[    3.107439] CPU: Physical Processor ID: 0
[    3.108573] CPU: Processor Core ID: 0
[    3.110594] mce: CPU supports 0 MCE banks
[    3.111722] Last level iTLB entries: 4KB 64, 2MB 8, 4MB 8
[    3.113120] Last level dTLB entries: 4KB 64, 2MB 0, 4MB 0, 1GB 4
[    3.114677] Spectre V2 : Mitigation: Full generic retpoline
[    3.116088] Spectre V2 : Speculation control IBPB not-supported IBRS not-supported
[    3.118014] Spectre V2 : Filling RSB on context switch
[    3.119736] Speculative Store Bypass: Vulnerable
[    3.122957] Freeing SMP alternatives memory: 32K
[    3.130981] ftrace: allocating 32245 entries in 126 pages
[    3.271955] smpboot: APIC(0) Converting physical 0 to logical package 0
[    3.370429] smpboot: Max logical packages: 1
[    3.452064] x2apic enabled
[    3.514563] Switched APIC routing to physical x2apic.
[    3.563112] ..TIMER: vector=0x30 apic1=0 pin1=2 apic2=-1 pin2=-1
[    3.793833] smpboot: CPU0: Intel(R) Core(TM) i7-8750H CPU @ 2.20GHz (family: 0x6, model: 0x9e, stepping: 0xa)
[    3.950843] Performance Events: unsupported p6 CPU model 158 no PMU driver, software events only.
[    4.089886] KVM setup paravirtual spinlock
[    4.154439] x86: Booting SMP configuration:
[    4.159323] .... node  #0, CPUs:      #1
[    4.161397] kvm-clock: cpu 1, msr 1:1ffef041, secondary cpu clock
[    4.164959] mce: CPU supports 0 MCE banks
[    4.168649] x86: Booted up 1 node, 2 CPUs
[    4.170156] smpboot: Total of 2 processors activated (8831.99 BogoMIPS)
[    4.172531] devtmpfs: initialized
[    4.175513] evm: security.selinux
[    4.176923] evm: security.SMACK64
[    4.178027] evm: security.SMACK64EXEC
[    4.179176] evm: security.SMACK64TRANSMUTE
[    4.180418] evm: security.SMACK64MMAP
[    4.181613] evm: security.ima
[    4.182639] evm: security.capability
[    4.183887] clocksource: jiffies: mask: 0xffffffff max_cycles: 0xffffffff, max_idle_ns: 7645041785100000 ns
[    4.186785] futex hash table entries: 512 (order: 3, 32768 bytes)
[    4.188696] pinctrl core: initialized pinctrl subsystem
[    4.190394] RTC time: 14:39:32, date: 11/20/18
[    4.191945] NET: Registered protocol family 16
[    4.205143] cpuidle: using governor ladder
[    4.298076] cpuidle: using governor menu
[    4.373106] PCCT header not found.
[    4.406115] ACPI: bus type PCI registered
[    4.433268] acpiphp: ACPI Hot Plug PCI Controller Driver version: 0.5
[    4.469205] PCI: Using configuration type 1 for base access
[    4.590690] ACPI: Added _OSI(Module Device)
[    4.668996] ACPI: Added _OSI(Processor Device)
[    4.730225] ACPI: Added _OSI(3.0 _SCP Extensions)
[    4.808609] ACPI: Added _OSI(Processor Aggregator Device)
[    4.913828] ACPI: Executed 1 blocks of module-level executable AML code
[    5.019078] ACPI: Interpreter enabled
[    5.030346] ACPI: (supports S0 S5)
[    5.031743] ACPI: Using IOAPIC for interrupt routing
[    5.033734] PCI: Using host bridge windows from ACPI; if necessary, use "pci=nocrs" and report a bug
[    5.040591] ACPI: PCI Root Bridge [PCI0] (domain 0000 [bus 00-ff])
[    5.042459] acpi PNP0A03:00: _OSC: OS supports [ASPM ClockPM Segments MSI]
[    5.044523] acpi PNP0A03:00: _OSC: not requesting OS control; OS requires [ExtendedConfig ASPM ClockPM MSI]
[    5.047711] acpi PNP0A03:00: fail to add MMCONFIG information, can't access extended PCI configuration space under this bridge.
[    5.058601] PCI host bridge to bus 0000:00
[    5.133457] pci_bus 0000:00: root bus resource [io  0x0000-0x0cf7 window]
[    5.239943] pci_bus 0000:00: root bus resource [io  0x0d00-0xffff window]
[    5.242069] pci_bus 0000:00: root bus resource [mem 0x000a0000-0x000bffff window]
[    5.244399] pci_bus 0000:00: root bus resource [mem 0xe0000000-0xfdffffff window]
[    5.246713] pci_bus 0000:00: root bus resource [bus 00-ff]
[    5.250503] pci 0000:00:01.1: legacy IDE quirk: reg 0x10: [io  0x01f0-0x01f7]
[    5.252710] pci 0000:00:01.1: legacy IDE quirk: reg 0x14: [io  0x03f6]
[    5.254573] pci 0000:00:01.1: legacy IDE quirk: reg 0x18: [io  0x0170-0x0177]
[    5.256622] pci 0000:00:01.1: legacy IDE quirk: reg 0x1c: [io  0x0376]
[    5.289581] pci 0000:00:07.0: quirk: [io  0x4000-0x403f] claimed by PIIX4 ACPI
[    5.361299] pci 0000:00:07.0: quirk: [io  0x4100-0x410f] claimed by PIIX4 SMB
[    5.523911] ACPI: PCI Interrupt Link [LNKA] (IRQs 5 9 10 *11)
[    5.627989] ACPI: PCI Interrupt Link [LNKB] (IRQs 5 9 *10 11)
[    5.658822] ACPI: PCI Interrupt Link [LNKC] (IRQs 5 *9 10 11)
[    5.663210] ACPI: PCI Interrupt Link [LNKD] (IRQs 5 9 10 *11)
[    5.665502] ACPI: Enabled 2 GPEs in block 00 to 07
[    5.667403] vgaarb: setting as boot device: PCI:0000:00:02.0
[    5.669110] vgaarb: device added: PCI:0000:00:02.0,decodes=io+mem,owns=io+mem,locks=none
[    5.785506] vgaarb: loaded
[    5.841161] vgaarb: bridge control possible 0000:00:02.0
[    5.935331] SCSI subsystem initialized
[    5.993189] ACPI: bus type USB registered
[    6.067796] usbcore: registered new interface driver usbfs
[    6.184179] usbcore: registered new interface driver hub
[    6.239832] usbcore: registered new device driver usb
[    6.303254] PCI: Using ACPI for IRQ routing
[    6.327315] NetLabel: Initializing
[    6.328433] NetLabel:  domain hash size = 128
[    6.329704] NetLabel:  protocols = UNLABELED CIPSOv4
[    6.331305] NetLabel:  unlabeled traffic allowed by default
[    6.333120] amd_nb: Cannot enumerate AMD northbridges
[    6.334649] clocksource: Switched to clocksource kvm-clock
[    6.343879] AppArmor: AppArmor Filesystem Enabled
[    6.345441] pnp: PnP ACPI init
[    6.347410] pnp: PnP ACPI: found 3 devices
[    6.357935] clocksource: acpi_pm: mask: 0xffffff max_cycles: 0xffffff, max_idle_ns: 2085701024 ns
[    6.360682] NET: Registered protocol family 2
[    6.362147] TCP established hash table entries: 32768 (order: 6, 262144 bytes)
[    6.364627] TCP bind hash table entries: 32768 (order: 7, 524288 bytes)
[    6.367586] TCP: Hash tables configured (established 32768 bind 32768)
[    6.369329] UDP hash table entries: 2048 (order: 4, 65536 bytes)
[  67085] P-teastae trs:04(oer4,55 bes
[  7837]ETRestered protoolamy 1
[   .4309]pci 0000:00:00.0: Limiting decPCPCtransfers
[  7072]ci00001. AivinISDMha wkauns   8.42074] Unpacking initramfs...

[    8.671690] Freeing initrd memory: 14792K
[    8.755247] PCI-DMA: Using software bounce buffering for IO (SWIOTLB)
[    8.803141] software IO TLB [mem 0xdbff0000-0xdfff0000] (64MB) mapped at [ffff8800dbff0000-ffff8800dffeffff]
[    9.032615] platform rtc_cmos: registered platform RTC device (no PNP device found)
[    9.127733] Scanning for low memory corruption every 60 seconds
[    9.252798] audit: initializing netlink subsys (disabled)
[    9.351162] audit: type=2000 audit(1542724777.480:1): initialized
[    9.455314] Initialise system trusted keyring
[    9.541009] HugeTLB registered 2 MB page size, pre-allocated 0 pages
[    9.577528] zbud: loaded
[    9.578968] VFS: Disk quotas dquot_6.6.0
[    9.580474] VFS: Dquot-cache hash table entries: 512 (order 0, 4096 bytes)
[    9.582946] squashfs: version 4.0 (2009/01/31) Phillip Lougher
[    9.585043] fuse init (API version 7.23)
[    9.586506] Key type big_key registered
[    9.587833] Allocating IMA MOK and blacklist keyrings.
[    9.590664] Key type asymmetric registered
[    9.592054] Asymmetric key parser 'x509' registered
[    9.593606] Block layer SCSI generic (bsg) driver version 0.4 loaded (major 249)
[    9.596132] io scheduler noop registered
[    9.597428] io scheduler deadline registered (default)
[    9.599140] io scheduler cfq registered
[    9.600478] pci_hotplug: PCI Hot Plug PCI Core version: 0.5
[    9.602218] pciehp: PCI Express Hot Plug Controller Driver version: 0.4
[    9.604488] ACPI: AC Adapter [AC] (on-line)
[    9.605965] input: Power Button as /devices/LNXSYSTM:00/LNXPWRBN:00/input/input0
[    9.608412] ACPI: Power Button [PWRF]
[    9.609746] input: Sleep Button as /devices/LNXSYSTM:00/LNXSLPBN:00/input/input1
[    9.612242] ACPI: Sleep Button [SLPF]
[    9.613595] GHES: HEST is not enabled!
[    9.614587] ACPI: Battery Slot [BAT0] (battery present)
[    9.616792] Serial: 8250/16550 driver, 32 ports, IRQ sharing enabled
[    9.641332] 00:02: ttyS0 at I/O 0x3f8 (irq = 4, base_baud = 115200) is a 16550A
[    9.779646] Linux agpgart interface v0.103
[    9.853303] loop: module loaded
[    9.915735] scsi host0: ata_piix
[    99631] sios: a_ix[ 10885]sc: Refine T cckur calibration: 2208.302 MHz

[   10.676183] clocksource: tsc: mask: 0xffffffffffffffff max_cycles: 0x1fd4d549f9b, max_idle_ns: 440795223269 ns
[   10.676293] ata1: PATA max UDMA/33 cmd 0x1f0 ctl 0x3f6 bmdma 0xd000 irq 14
[   10.676294] ata2: PATA max UDMA/33 cmd 0x170 ctl 0x376 bmdma 0xd008 irq 15
[   10.676716] libphy: Fixed MDIO Bus: probed
[   10.676718] tun: Universal TUN/TAP device driver, 1.6
[   10.676718] tun: (C) 1999-2004 Max Krasnyansky <maxk@qualcomm.com>
[   10.676754] PPP generic driver version 2.4.2
[   10.676796] ehci_hcd: USB 2.0 'Enhanced' Host Controller (EHCI) Driver
[   10.676800] ehci-pci: EHCI PCI platform driver
[   10.676810] ehci-platform: EHCI generic platform driver
[   10.676815] ohci_hcd: USB 1.1 'Open' Host Controller (OHCI) Driver
[   10.676817] ohci-pci: OHCI PCI platform driver
[   10.676822] ohci-platform: OHCI generic platform driver
[   10.676827] uhci_hcd: USB Universal Host Controller Interface driver
[   10.676868] i8042: PNP: PS/2 Controller [PNP0303:PS2K,PNP0f03:PS2M] at 0x60,0x64 irq 1,12
[   10.679481] serio: i8042 KBD port at 0x60,0x64 irq 1
[   10.679485] serio: i8042 AUX port at 0x60,0x64 irq 12
[   10.679562] mousedev: PS/2 mouse device common for all mice
[   10.679814] rtc_cmos rtc_cmos: rtc core: registered rtc_cmos as rtc0
[   10.679854] rtc_cmos rtc_cmos: alarms up to one day, 114 bytes nvram
[   10.679858] i2c /dev entries driver
[   10.679895] device-mapper: uevent: version 1.0.3
[   10.679932] device-mapper: ioctl: 4.34.0-ioctl (2015-10-28) initialised: dm-devel@redhat.com
[   10.679944] ledtrig-cpu: registered to indicate activity on CPUs
[   10.680138] NET: Registered protocol family 10
[   10.680237] NET: Registered protocol family 17
[   10.680246] Key type dns_resolver registered
[   10.680455] registered taskstats version 1
[   10.680469] Loading compiled-in X.509 certificates
[   10.680939] Loaded X.509 cert 'Build time autogenerated kernel key: 8f274abdf49cd12572c1533a34d1eafea768213f'
[   10.680955] zswap: loaded using pool lzo/zbud
[   10.682066] Key type trusted registered
[   10.684565] Key type encrypted registered
[   10.684570] AppArmor: AppArmor sha1 policy hashing enabled
[   10.684573] ima: No TPM chip found, activating TPM-bypass!
[   10.684575] ima: Allocated hash algorithm: sha1
[   10.684584] evm: HMAC attrs: 0x1
[   10.684894]   Magic number: 10:152:688
[   10.685369] rtc_cmos rtc_cmos: setting system clock to 2018-11-20 14:39:39 UTC (1542724779)
[   10.685525] BIOS EDD facility v0.16 2004-Jun-25, 0 devices found
[   10.685525] EDD information not available.
[   10.692230] input: AT Translated Set 2 keyboard as /devices/platform/i8042/serio0/input/input2
[   11.762759] Freeing unused kernel memory: 1516K
[   11.770722] Write protecting the kernel read-only data: 14336k
[   11.772916] Freeing unused kernel memory: 1680K
[   11.774494] Freeing unused kernel memory: 96K
Loading, please wait...
starting version 229
[   11.786013] random: systemd-udevd: uninitialized urandom read (16 bytes read, 5 bits of entropy available)
[   11.787401] random: udevadm: uninitialized urandom read (16 bytes read, 5 bits of entropy available)
[   11.787414] random: udevadm: uninitialized urandom read (16 bytes read, 5 bits of entropy available)
[   11.792818] random: udevadm: uninitialized urandom read (16 bytes read, 5 bits of entropy available)
[   11.792848] random: udevadm: uninitialized urandom read (16 bytes read, 5 bits of entropy available)
[   11.792939] random: udevadm: uninitialized urandom read (16 bytes read, 5 bits of entropy available)
[   11.792973] random: udevadm: uninitialized urandom read (16 bytes read, 5 bits of entropy available)
[   11.793005] random: udevadm: uninitialized urandom read (16 bytes read, 5 bits of entropy available)
[   11.793036] random: udevadm: uninitialized urandom read (16 bytes read, 5 bits of entropy available)
[   11.793067] random: udevadm: uninitialized urandom read (16 bytes read, 5 bits of entropy available)
[   11.976950] e1000: Intel(R) PRO/1000 Network Driver - version 7.3.21-k8-NAPI
[   11.979192] e1000: Copyright (c) 1999-2006 Intel Corporation.
[   11.982962] Fusion MPT base driver 3.04.20
[   12.020687] Copyright (c) 1999-2008 LSI Corporation
[   12.035216] Fusion MPT SPI Host driver 3.04.20
[   12.047562] AVX2 version of gcm_enc/dec engaged.
[   12.050360] AES CTR mode by8 optimization enabled
[   12.234555] input: ImExPS/2 Generic Explorer Mouse as /devices/platform/i8042/serio1/input/input4
[   12.383410] e1000 0000:00:03.0 eth0: (PCI:33MHz:32-bit) 02:36:69:53:64:11
[   12.383413] e1000 0000:00:03.0 eth0: Intel(R) PRO/1000 Network Connection
[   12.509397] mptbase: ioc0: Initiating bringup
[   12.581229] ioc0: LSI53C1030 A0: Capabilities={Initiator}
[   12.597444] e1000 0000:00:03.0 enp0s3: renamed from eth0
[   12.833559] scsi host2: ioc0: LSI53C1030 A0, FwRev=00000000h, Ports=1, MaxQ=256, IRQ=20
[   13.291205] scsi 2:0:0:0: Direct-Access     VBOX     HARDDISK         1.0  PQ: 0 ANSI: 5
[   13.294051] scsi target2:0:0: Beginning Domain Validation
[   13.296639] scsi target2:0:0: Domain Validation skipping write tests
[   13.298387] scsi target2:0:0: Ending Domain Validation
[   13.299923] scsi target2:0:0: asynchronous
[   13.301482] scsi 2:0:1:0: Direct-Access     VBOX     HARDDISK         1.0  PQ: 0 ANSI: 5
[   13.303805] scsi target2:0:1: Beginning Domain Validation
[   13.306493] scsi target2:0:1: Domain Validation skipping write tests
[   13.308299] scsi target2:0:1: Ending Domain Validation
[   13.309774] scsi target2:0:1: asynchronous
[   13.315956] sd 2:0:0:0: [sda] 20971520 512-byte logical blocks: (10.7 GB/10.0 GiB)
[   13.316074] sd 2:0:0:0: Attached scsi generic sg0 type 0
[   13.320457] sd 2:0:0:0: [sda] Write Protect is off
[   13.320673] sd 2:0:1:0: Attached scsi generic sg1 type 0
[   13.391978] sd 2:0:1:0: [sdb] 20480 512-byte logical blocks: (10.5 MB/10.0 MiB)
[   13.392332] sd 2:0:1:0: [sdb] Write Protect is off
[   13.392469] sd 2:0:1:0: [sdb] Incomplete mode parameter data
[   13.392470] sd 2:0:1:0: [sdb] Assuming drive cache: write through
[   13.395105] sd 2:0:1:0: [sdb] Attached SCSI disk
[   13.402553] sd 2:0:0:0: [sda] Incomplete mode parameter data
[   13.404344] sd 2:0:0:0: [sda] Assuming drive cache: write through
[   13.407741]  sda: sda1
[   13.409253] sd 2:0:0:0: [sda] Attached SCSI disk
Begin: Loading essential drivers ... [   14.676873] md: linear personality registered for level -1
[   14.708307] md: multipath personality registered for level -4
[   14.759739] md: raid0 personality registered for level 0
[   14.830217] md: raid1 personality registered for level 1
[   15.002937] raid6: sse2x1   gen() 13375 MB/s
[   15.082823] raid6: sse2x1   xor()  7724 MB/s
[   15.158663] raid6: sse2x2   gen() 13458 MB/s
[   15.271134] raid6: sse2x2   xor() 10151 MB/s
[   15.355215] raid6: sse2x4   gen() 16937 MB/s
[   15.427195] raid6: sse2x4   xor() 11911 MB/s
[   15.510898] raid6: avx2x1   gen() 23073 MB/s
[   15.586930] raid6: avx2x2   gen() 27197 MB/s
[   15.658910] raid6: avx2x4   gen() 30929 MB/s
[   15.660427] raid6: using algorithm avx2x4 gen() 30929 MB/s
[   15.708616] raid6: using avx2x2 recovery algorithm
[   15.711180] xor: automatically using best checksumming function:
[   15.750827]    avx       : 29874.000 MB/sec
[   15.791697] async_tx: api initialized (async)
[   15.798998] md: raid6 personality registered for level 6
[   15.823053] md: raid5 personality registered for level 5
[   15.840396] md: raid4 personality registered for level 4
[   15.904709] md: raid10 personality registered for level 10
done.
Begin: Running /scripts/init-premount ... done.
Begin: Mounting root file system ... Begin: Running /scripts/local-top ... done.
Begin: Running /scripts/local-premount ... [   16.027115] Btrfs loaded
Scanning for Btrfs filesystems
done.
Warning: fsck no[   16.061270] EXT4-fs (sda1): mounted filesystem with ordered data mode. Opts: (null)
t present, so skipping root file system
done.
Begin: Running /scripts/local-bottom ... done.
Begin: Running /scripts/init-bottom ... done.
[   16.155255] systemd[1]: systemd 229 running in system mode. (+PAM +AUDIT +SELINUX +IMA +APPARMOR +SMACK +SYSVINIT +UTMP +LIBCRYPTSETUP +GCRYPT +GNUTLS +ACL +XZ -LZ4 +SECCOMP +BLKID +ELFUTILS +KMOD -IDN)
[   16.161074] systemd[1]: Detected virtualization oracle.
[   16.162804] systemd[1]: Detected architecture x86-64.

Welcome to [1mUbuntu 16.04.5 LTS[0m!

[   16.168338] systemd[1]: Set hostname to <samvera>.
[   16.291249] systemd[1]: Listening on /dev/initctl Compatibility Named Pipe.
[[0;32m  OK  [0m] Listening on /dev/initctl Compatibility Named Pipe.
[   16.295782] systemd[1]: Created slice User and Session Slice.
[[0;32m  OK  [0m] Created slice User and Session Slice.
[   16.340 sted[1]: Started Forward Passwo Rues o ll Dircty Watch.
[[0;32m  OK  [0m] Started Forward Password Requests to Wall Directory Watch.
[  17869syem1]: ead icSyem Slice.

[[0;32m  OK  [0m] Created slice System Slice.
[   17.220493] systemd[1]: Listening on Journal Socket (/dev/log).
[[0;32m  OK  [0m] Listening on Journal Socket (/dev/log).
[   17.224930] systemd[1]: Created slice system-serial\x2dgetty.slice.
[[0;32m  OK  [0m] Created slice system-serial\x2dgetty.slice.
[   17.229306] systemd[1]: Reached target User and Group Name Lookups.
[[0;32m  OK  [0m] Reached target User and Group Name Lookups.
[   17.235620] systemd[1]: Listening on LVM2 metadata daemon socket.
[[0;32m  OK  [0m] Listening on LVM2 metadata daemon socket.
[   17.240322] systemd[1]: Set up automount Arbitrary Executable File Formats File System Automount Point.
[[0;32m  OK  [0m] Set up automount Arbitrary Executab...ats File System Automount Point.
[   17.246219] systemd[1]: Listening on Syslog Socket.
[[0;32m  OK  [0m] Listening on Syslog Socket.
[   17.249895] systemd[1]: Started Trigger resolvconf update for networkd DNS.
[[0;32m  OK  [0m] Started Trigger resolvconf update for networkd DNS.
[   17.254577] systemd[1]: Reached target Swap.
[[0;32m  OK  [0m] Reached target Swap.
[   17.257711] systemd[1]: Listening on Journal Audit Socket.
[[0;32m  OK  [0m] Listening on Journal Audit Socket.
[   17.261134] systemd[1]: Reached target Slices.
[[0;32m  OK  [0m] Reached target Slices.
[   17.264107] systemd[1]: Reached target System Time Synchronized.
[[0;32m  OK  [0m] Reached target System Time Synchronized.
[   17.290466] systemd[1]: Created slice system-postgresql.slice.
[[0;32m  OK  [0m] Created slice system-postgresql.slice.
[  137220]syem1]Listeninon Jurl ocke.
[[0;32m  OK  [0m] Listening on Journal Socket.
[   17.835378] systemd[1]: Starting Set console keymap...
         Starting Set console keymap...
[   17.917854] systemd[1]: Starting Load Kernel Modules...
         Starting Load Kernel Modules...
[   17.921758] systemd[1]: Starting Create list of required static device nodes for the current kernel...
         Starting Create list of required st... nodes for the current kernel...[   17.927042] Loading iSCSI transport class v2.0-870.

[   17.930491] systemd[1]: Starting Uncomplicated firewall...
         Starting Uncomplicated firewall...
[   17.934443] systemd[1]: Mounting Huge Pages File System...
         Mounting Huge Pages File System...
[   17.939850] iscsi: registered transport (tcp)
[   17.940182] systemd[1]: Mounting POSIX Message Queue File System...
         Mounting POSIX Message Queue File System...
[   17.945113] systemd[1]: Starting Remount Root and Kernel File Systems...
         Starting Remount Root and Kernel File Systems...
[   17.949637] systemd[1]: Starting Nameserver information manager...
[   17.954744] EXT4-fs (sda1): re-mounted. Opts: (null)
         Starting Nameserver information [   18.032156] iscsi: registered transport (iser)
manager...
[   18.041355] systemd[1]: Reached target Encrypted Volumes.
[[0;32m  OK  [0m] Reached target Encrypted Volumes.
[   18.055221] systemd[1]: Starting Journal Service...
         Starting Journal Service...
[   18.101538] systemd[1]: Listening on Device-mapper event daemon FIFOs.
[[0;32m  OK  [0m] [   18.104553] random: nonblocking pool is initialized
Listening on Device-mapper event daemon FIFOs.
[   18.112005] systemd[1]: Starting Monitoring of LVM2 mirrors, snapshots etc. using dmeventd or progress polling...
         Starting Monitoring of LVM2 mirrors... dmeventd or progress polling...
[   18.185638] systemd[1]: Listening on udev Kernel Socket.
[[0;32m  OK  [0m] Listening on udev Kernel Socket.
[   18.190853] systemd[1]: Listening on LVM2 poll daemon socket.
[[0;32m  OK  [0m] Listening on LVM2 poll daemon socket.
[   18.203252] systemd[1]: Mounting Debug File System...
         Mounting Debug File System...
[   18.207788] systemd[1]: Listening on udev Control Socket.
[[0;32m  OK  [0m] Listening on udev Control Socket.
[   18.213122] systemd[1]: Mounted Debug File System.
[[0;32m  OK  [0m] Mounted Debug File System.
[   18.216398] systemd[1]: Mounted Huge Pages File System.
[[0;32m  OK  [0m] Mounted Huge Pages File System.
[   18.221930] systemd[1]: Mounted POSIX Message Queue File System.
[[0;32m  OK  [0m] Mounted POSIX Message Queue File System.
[   18.303902] systemd[1]: Started Journal Service.
[[0;32m  OK  [0m] Started Journal Service.
[[0;32m  OK  [0m] Started Set console keymap.
[[0;32m  OK  [0m] Started Load Kernel Modules.
[[0;32m  OK  [0m] Started Create list of required sta...ce nodes for the current kernel.
[[0;32m  OK  [0m] Started Uncomplicated firewall.
[[0;32m  OK  [0m] Started Remount Root and Kernel File Systems.
[[0;32m  OK  [0m] Started Nameserver information manager.
[[0;32m  OK  [0m] Started LVM2 metadata daemon.
         Starting Load/Save Random Seed...
         Starting udev Coldplug all Devices...
         Starting Create Static Device Nodes in /dev...
         Starting Apply Kernel Variables...
         Mounting FUSE Control File System...
         Starting Flush Journal to Persistent Storage...
[[0;32m  OK  [0m] Mounted FUSE Control File System.
[[0;32m  OK  [0m] Started Load/Save Random Seed.
[[0;32m  OK  [0m] Started Create Static Device Nodes in /dev.
[[0;32m  OK  [0m] Started Apply Kernel Variables.
[[0;32m  OK  [0m] Started udev Coldplug all Devices.
[[0;32m  OK  [0m] Started Flush Journal to Persistent Storage.
         Starting udev Kernel Device Manager...
[[0;32m  OK  [0m] Started udev Kernel Device Manager.
[[0;32m  OK  [0m] Started Dispatch Password Requests to Console Directory Watch.
[[0;32m  OK  [0m] Found device /dev/ttyS0.
[[0;32m  OK  [0m] Listening on Load/Save RF Kill Switch Status /dev/rfkill Watch.
[[0;32m  OK  [0m] Found device 82540EM Gigabit Ethern...r (PRO/1000 MT Desktop Adapter).
[[0;32m  OK  [0m] Started Monitoring of LVM2 mirrors,...ng dmeventd or progress polling.
[[0;32m  OK  [0m] Reached target Local File Systems (Pre).
[[0;32m  OK  [0m] Reached target Local File Systems.
         Starting Initial cloud-init job (pre-networking)...
         Starting Set console font and keymap...
         Starting Tell Plymouth To Write Out Runtime Data...
         Starting Create Volatile Files and Directories...
         Starting LSB: AppArmor initialization...
[[0;32m  OK  [0m] Started Tell Plymouth To Write Out Runtime Data.
[[0;32m  OK  [0m] Started Create Volatile Files and Directories.
         Starting Update UTMP about System Boot/Shutdown...
[[0;32m  OK  [0m] Started Update UTMP about System Boot/Shutdown.
[[0;32m  OK  [0m] Started LSB: AppArmor initialization.
[[0;32m  OK  [0m] Started Set console font and keymap.
[[0;32m  OK  [0m] Created slice system-getty.slice.
[   13.957508] cloud-init[605]: Cloud-init v. 18.2 running 'init-local' at Tue, 20 Nov 2018 14:39:48 +0000. Up 13.76 seconds.
[[0;32m  OK  [0m] Started Initial cloud-init job (pre-networking).
[[0;32m  OK  [0m] Reached target Network (Pre).
[[0;32m  OK  [0m] Started ifup for enp0s3.
         Starting Raise network interfaces...
[[0;32m  OK  [0m] Started Raise network interfaces.
[[0;32m  OK  [0m] Reached target Network.
         Starting Initial cloud-init job (metadata service crawler)...
[   14.622572] cloud-init[965]: Cloud-init v. 18.2 running 'init' at Tue, 20 Nov 2018 14:39:49 +0000. Up 14.39 seconds.
[   14.626067] cloud-init[965]: ci-info: +++++++++++++++++++++++++++++++++++++Net device info++++++++++++++++++++++++++++++++++++++
[   14.629940] cloud-init[965]: ci-info: +--------+------+----------------------------+---------------+-------+-------------------+
[   14.633559] cloud-init[965]: ci-info: | Device |  Up  |          Address           |      Mask     | Scope |     Hw-Address    |
[   14.637861] cloud-init[965]: ci-info: +--------+------+----------------------------+---------------+-------+-------------------+
[   14.641516] cloud-init[965]: ci-info: | enp0s3 | True |         10.0.2.15          | 255.255.255.0 |   .   | 02:36:69:53:64:11 |
[   14.645425] cloud-init[965]: ci-info: | enp0s3 | True | fe80::36:69ff:fe53:6411/64 |       .       |  link | 02:36:69:53:64:11 |
[   14.649209] cloud-init[965]: ci-info: |   lo   | True |         127.0.0.1          |   255.0.0.0   |   .   |         .         |
[   14.652520] cloud-init[965]: ci-info: |   lo   | True |          ::1/128           |       .       |  host |         .         |
[   14.655664] cloud-init[965]: ci-info: +--------+------+----------------------------+---------------+-------+-------------------+
[   14.658834] cloud-init[965]: ci-info: +++++++++++++++++++++++++++Route IPv4 info++++++++++++++++++++++++++++
[   14.661852] cloud-init[965]: ci-info: +-------+-------------+----------+---------------+-----------+-------+
[   14.664803] cloud-init[965]: ci-info: | Route | Destination | Gateway  |    Genmask    | Interface | Flags |
[   14.667672] cloud-init[965]: ci-info: +-------+-------------+----------+---------------+-----------+-------+
[   14.670765] cloud-init[965]: ci-info: |   0   |   0.0.0.0   | 10.0.2.2 |    0.0.0.0    |   enp0s3  |   UG  |
[   14.687509] cloud-init[965]: ci-info: |   1   |   10.0.2.0  | 0.0.0.0  | 255.255.255.0 |   enp0s3  |   U   |
[   14.716242] cloud-init[965]: ci-info: +-------+-------------+----------+---------------+-----------+-------+
[[0;32m  OK  [0m] Started Initial cloud-init job (metadata service crawler).
[[0;32m  OK  [0m] Reached target Network is Online.
         Starting iSCSI initiator daemon (iscsid)...
[[0;32m  OK  [0m] Reached target System Initialization.
         Starting Socket activation for snappy daemon.
         Starting LXD - unix socket.
[[0;32m  OK  [0m] Listening on ACPID Listen Socket.
[[0;32m  OK  [0m] Listening on D-Bus System Message Bus Socket.
[[0;32m  OK  [0m] Started ACPI Events Check.
[[0;32m  OK  [0m] Reached target Paths.
[[0;32m  OK  [0m] Started Daily Cleanup of Temporary Directories.
[[0;32m  OK  [0m] Listening on UUID daemon activation socket.
[[0;32m  OK  [0m] Started Daily apt download activities.
[[0;32m  OK  [0m] Started Daily apt upgrade and clean activities.
[[0;32m  OK  [0m] Reached target Timers.
[[0;32m  OK  [0m] Reached target Cloud-config availability.
[[0;32m  OK  [0m] Listening on Socket activation for snappy daemon.
[[0;32m  OK  [0m] Listening on LXD - unix socket.
[[0;32m  OK  [0m] Started iSCSI initiator daemon (iscsid).
         Starting Login to default iSCSI targets...
[[0;32m  OK  [0m] Reached target Sockets.
[[0;32m  OK  [0m] Reached target Basic System.
         Starting Login Service...
         Starting System Logging Service...
         Starting LSB: Record successful boot for GRUB...
[[0;32m  OK  [0m] Started FUSE filesystem for LXC.
         Starting OpenBSD Secure Shell server...
[[0;32m  OK  [0m] Started ACPI event daemon.
[[0;32m  OK  [0m] Started Deferred execution scheduler.
         Starting Accounts Service...
         Starting Apply the settings specified in cloud-config...
[[0;32m  OK  [0m] Started Regular background program processing daemon.
         Starting Virtualbox guest utils...
         Starting Advanced key-value store...
         Starting /etc/rc.local Compatibility...
[[0;32m  OK  [0m] Started D-Bus System Message Bus.
         Starting LXD - container startup/shutdown...
[[0;32m  OK  [0m] Started Unattended Upgrades Shutdown.
         Starting PostgreSQL Cluster 9.5-main...
         Starting LSB: MD monitoring daemon...
         Starting Snappy daemon...
[[0;32m  OK  [0m] Started System Logging Service.
[[0;32m  OK  [0m] Started OpenBSD Secure Shell server.
[[0;32m  OK  [0m] Started /etc/rc.local Compatibility.
[[0;32m  OK  [0m] Started LSB: Record successful boot for GRUB.
[[0;32m  OK  [0m] Started Advanced key-value store.
[[0;32m  OK  [0m] Started Login to default iSCSI targets.
[[0;32m  OK  [0m] Started LSB: MD monitoring daemon.
[[0;32m  OK  [0m] Started Virtualbox guest utils.
[[0;32m  OK  [0m] Started LXD - container startup/shutdown.
[[0;32m  OK  [0m] Started Login Service.
         Starting Authenticate and Authorize Users to Run Privileged Tasks...
[[0;32m  OK  [0m] Reached target Remote File Systems (Pre).
[[0;32m  OK  [0m] Reached target Remote File Systems.
         Starting LSB: Start/stop sysstat's sadc...
         Starting Permit User Sessions...
         Starting LSB: automatic crash report generation...
[   15.654796] cloud-init[1049]: Cloud-init v. 18.2 running 'modules:config' at Tue, 20 Nov 2018 14:39:50 +0000. Up 15.47 seconds.
         Starting LSB: daemon to balance interrupts for SMP systems...
         Starting LSB: Set the CPU Frequency Scaling governor to "ondemand"...
[[0;32m  OK  [0m] Started Snappy daemon.
[[0;32m  OK  [0m] Started Apply the settings specified in cloud-config.
[[0;32m  OK  [0m] Started Permit User Sessions.
[[0;32m  OK  [0m] Started Authenticate and Authorize Users to Run Privileged Tasks.
[[0;32m  OK  [0m] Started Accounts Service.
[[0;32m  OK  [0m] Started LSB: Start/stop sysstat's sadc.
         Starting Terminate Plymouth Boot Screen...
         Starting Hold until boot process finishes up...
         Starting Wait until snapd is fully seeded...
[[0;32m  OK  [0m] Started LSB: automatic crash report generation.
[[0;32m  OK  [0m] Started LSB: daemon to balance interrupts for SMP systems.
[[0;32m  OK  [0m] Started LSB: Set the CPU Frequency Scaling governor to "ondemand".
[[0;32m  OK  [0m] Started Terminate Plymouth Boot Screen.
[[0;32m  OK  [0m] Started Hold until boot process finishes up.
[[0;32m  OK  [0m] Started Wait until snapd is fully seeded.
[[0;32m  OK  [0m] Started Getty on tty1.
         Starting Set console scheme...
[[0;32m  OK  [0m] Started Serial Getty on ttyS0.
[[0;32m  OK  [0m] Reached target Login Prompts.
[[0;32m  OK  [0m] Started Set console scheme.
[[0;32m  OK  [0m] Started PostgreSQL Cluster 9.5-main.
         Starting PostgreSQL RDBMS...
[[0;32m  OK  [0m] Started PostgreSQL RDBMS.
[[0;32m  OK  [0m] Reached target Multi-User System.
         Starting Execute cloud user/final scripts...
[[0;32m  OK  [0m] Reached target Graphical Interface.
         Starting Update UTMP about System Runlevel Changes...
[[0;32m  OK  [0m] Started Update UTMP about System Runlevel Changes.
[   18.144710] cloud-init[1259]: Cloud-init v. 18.2 running 'modules:final' at Tue, 20 Nov 2018 14:39:52 +0000. Up 18.06 seconds.
[   18.196571] cloud-init[1259]: Cloud-init v. 18.2 finished at Tue, 20 Nov 2018 14:39:52 +0000. Datasource DataSourceNoCloud [seed=/dev/sdb][dsmode=net].  Up 18.14 seconds
[[0;32m  OK  [0m] Started Execute cloud user/final scripts.
[[0;32m  OK  [0m] Reached target Cloud-init target.

Ubuntu 16.04.5 LTS samvera ttyS0

samvera login: 